// Jest Snapshot v1, https://goo.gl/fbAQLP

exports[`Render Page 404 1`] = `
<div>
  <h3>
    You are in the Void
  </h3>
</div>
`;
