// Jest Snapshot v1, https://goo.gl/fbAQLP

exports[`Render PokemonsList 1`] = `
Object {
  "asFragment": [Function],
  "baseElement": <body>
    <div>
      <header
        class="ant-layout-header"
        style="text-align: center; color: rgb(255, 255, 255); font-weight: 800;"
      >
        Poke API
      </header>
      <main
        class="ant-layout-content"
        style="padding: 16px 16px 80px 16px;"
      >
        <div
          class="ant-row"
          style="margin-left: -8px; margin-right: -8px;"
        />
      </main>
      <footer
        class="ant-layout-footer"
        style="position: fixed; bottom: 0px; width: 100%;"
      />
    </div>
  </body>,
  "container": <div>
    <header
      class="ant-layout-header"
      style="text-align: center; color: rgb(255, 255, 255); font-weight: 800;"
    >
      Poke API
    </header>
    <main
      class="ant-layout-content"
      style="padding: 16px 16px 80px 16px;"
    >
      <div
        class="ant-row"
        style="margin-left: -8px; margin-right: -8px;"
      />
    </main>
    <footer
      class="ant-layout-footer"
      style="position: fixed; bottom: 0px; width: 100%;"
    />
  </div>,
  "debug": [Function],
  "findAllByAltText": [Function],
  "findAllByDisplayValue": [Function],
  "findAllByLabelText": [Function],
  "findAllByPlaceholderText": [Function],
  "findAllByRole": [Function],
  "findAllByTestId": [Function],
  "findAllByText": [Function],
  "findAllByTitle": [Function],
  "findByAltText": [Function],
  "findByDisplayValue": [Function],
  "findByLabelText": [Function],
  "findByPlaceholderText": [Function],
  "findByRole": [Function],
  "findByTestId": [Function],
  "findByText": [Function],
  "findByTitle": [Function],
  "getAllByAltText": [Function],
  "getAllByDisplayValue": [Function],
  "getAllByLabelText": [Function],
  "getAllByPlaceholderText": [Function],
  "getAllByRole": [Function],
  "getAllByTestId": [Function],
  "getAllByText": [Function],
  "getAllByTitle": [Function],
  "getByAltText": [Function],
  "getByDisplayValue": [Function],
  "getByLabelText": [Function],
  "getByPlaceholderText": [Function],
  "getByRole": [Function],
  "getByTestId": [Function],
  "getByText": [Function],
  "getByTitle": [Function],
  "queryAllByAltText": [Function],
  "queryAllByDisplayValue": [Function],
  "queryAllByLabelText": [Function],
  "queryAllByPlaceholderText": [Function],
  "queryAllByRole": [Function],
  "queryAllByTestId": [Function],
  "queryAllByText": [Function],
  "queryAllByTitle": [Function],
  "queryByAltText": [Function],
  "queryByDisplayValue": [Function],
  "queryByLabelText": [Function],
  "queryByPlaceholderText": [Function],
  "queryByRole": [Function],
  "queryByTestId": [Function],
  "queryByText": [Function],
  "queryByTitle": [Function],
  "rerender": [Function],
  "unmount": [Function],
}
`;
